// Jest Snapshot v1, https://goo.gl/fbAQLP

exports[`Test DialogPasswordChange snapshot 1`] = `
<div>
  <button
    id="change"
    onClick={[Function]}
    style={
      Object {
        "backgroundColor": "inherit",
        "border": "none",
        "color": "#00695c",
      }
    }
    type="button"
  >
    Change password
  </button>
</div>
`;
