// Jest Snapshot v1, https://goo.gl/fbAQLP

exports[`Test Displayer snapshot 1`] = `
<div
  className="wrapper"
>
  <div
    className="section1"
  >
    <ul>
      <li
        className="badge rounded-pill bg-secondary m-2"
        onClick={[Function]}
      >
        me
      </li>
      <li
        className="badge rounded-pill bg-secondary m-2"
        onClick={[Function]}
      >
        you
      </li>
    </ul>
  </div>
  <hr
    className="MuiDivider-root MuiDivider-middle"
  />
  <div
    className="section2"
  >
    <div>
      <button
        className="MuiButtonBase-root MuiButton-root MuiButton-text MuiButton-textPrimary"
        disabled={false}
        onBlur={[Function]}
        onClick={[Function]}
        onDragLeave={[Function]}
        onFocus={[Function]}
        onKeyDown={[Function]}
        onKeyUp={[Function]}
        onMouseDown={[Function]}
        onMouseLeave={[Function]}
        onMouseUp={[Function]}
        onTouchEnd={[Function]}
        onTouchMove={[Function]}
        onTouchStart={[Function]}
        tabIndex={0}
        type="button"
      >
        <span
          className="MuiButton-label"
        >
          Add interest
        </span>
      </button>
    </div>
  </div>
</div>
`;
