// Jest Snapshot v1, https://goo.gl/fbAQLP

exports[`Test Message snapshot 1`] = `
<div
  id="container_tweet"
>
  <div
    className="tweet_header"
  >
    <div
      className="tweet_img"
    >
      <img
        alt=""
        className="tweet_header"
        id="tweet_author_picture"
        src="/api/viewFile/"
      />
    </div>
    <div
      className="tweet_text"
    >
      <span
        id="author_username"
        style={
          Object {
            "fontSize": "13px",
            "fontWeight": "bold",
          }
        }
      >
        isimbib
      </span>
      <span
        id="date"
        style={
          Object {
            "fontSize": "10px",
          }
        }
      >
        2008-09-07
      </span>
    </div>
  </div>
  <hr
    className="MuiDivider-root MuiDivider-middle"
  />
  <div
    className="tweet_content"
  >
    <p
      style={
        Object {
          "textAlign": "left",
        }
      }
    >
      <img
        alt=""
        className="tweet_image"
        id="tweet_media_picture"
        src="/api/viewFile/Hiii"
      />
    </p>
  </div>
  <hr
    className="MuiDivider-root MuiDivider-middle"
  />
</div>
`;
