// Jest Snapshot v1, https://goo.gl/fbAQLP

exports[`Test Tweet snapshot 1`] = `
<div
  id="container_tweet"
>
  <div
    className="tweet_header"
  >
    <div
      className="tweet_img"
    >
      <img
        alt=""
        className="tweet_header"
        id="tweet_author_picture"
        src="/viewFile/"
      />
    </div>
    <div
      className="tweet_text"
    >
      <span
        id="author_username"
        style={
          Object {
            "fontSize": "13px",
            "fontWeight": "bold",
          }
        }
      >
        isimbib
      </span>
      <span
        id="date"
        style={
          Object {
            "fontSize": "10px",
          }
        }
      >
        2008-09-07
      </span>
    </div>
  </div>
  <div
    id="menu"
  >
    <button
      aria-describedby={null}
      className="MuiButtonBase-root MuiIconButton-root"
      disabled={false}
      onBlur={[Function]}
      onClick={[Function]}
      onDragLeave={[Function]}
      onFocus={[Function]}
      onKeyDown={[Function]}
      onKeyUp={[Function]}
      onMouseDown={[Function]}
      onMouseLeave={[Function]}
      onMouseOver={[Function]}
      onMouseUp={[Function]}
      onTouchEnd={[Function]}
      onTouchMove={[Function]}
      onTouchStart={[Function]}
      style={
        Object {
          "borderRadius": "50%",
          "color": "#0C8367",
          "padding": "3",
        }
      }
      tabIndex={0}
      title="Hide post"
      type="button"
    >
      <span
        className="MuiIconButton-label"
      >
        <svg
          aria-hidden={true}
          className="MuiSvgIcon-root"
          focusable="false"
          viewBox="0 0 24 24"
        >
          <path
            d="M18.3 5.71a.9959.9959 0 00-1.41 0L12 10.59 7.11 5.7a.9959.9959 0 00-1.41 0c-.39.39-.39 1.02 0 1.41L10.59 12 5.7 16.89c-.39.39-.39 1.02 0 1.41.39.39 1.02.39 1.41 0L12 13.41l4.89 4.89c.39.39 1.02.39 1.41 0 .39-.39.39-1.02 0-1.41L13.41 12l4.89-4.89c.38-.38.38-1.02 0-1.4z"
          />
        </svg>
      </span>
      <span
        className="MuiTouchRipple-root"
      />
    </button>
  </div>
  <hr
    className="MuiDivider-root MuiDivider-middle"
  />
  <div
    className="tweet_content"
  >
    <p
      style={
        Object {
          "textAlign": "left",
        }
      }
    >
      Hiii
    </p>
  </div>
  <div
    className="tweet_bottom"
  >
    <div
      className="likes"
    >
      <button
        className="MuiButtonBase-root MuiIconButton-root"
        disabled={false}
        onBlur={[Function]}
        onClick={[Function]}
        onDragLeave={[Function]}
        onFocus={[Function]}
        onKeyDown={[Function]}
        onKeyUp={[Function]}
        onMouseDown={[Function]}
        onMouseLeave={[Function]}
        onMouseUp={[Function]}
        onTouchEnd={[Function]}
        onTouchMove={[Function]}
        onTouchStart={[Function]}
        style={
          Object {
            "borderRadius": "50%",
            "color": "black",
            "padding": "3",
          }
        }
        tabIndex={0}
        type="button"
      >
        <span
          className="MuiIconButton-label"
        >
          <svg
            aria-hidden={true}
            className="MuiSvgIcon-root"
            focusable="false"
            viewBox="0 0 24 24"
          >
            <path
              d="M19.66 3.99c-2.64-1.8-5.9-.96-7.66 1.1-1.76-2.06-5.02-2.91-7.66-1.1-1.4.96-2.28 2.58-2.34 4.29-.14 3.88 3.3 6.99 8.55 11.76l.1.09c.76.69 1.93.69 2.69-.01l.11-.1c5.25-4.76 8.68-7.87 8.55-11.75-.06-1.7-.94-3.32-2.34-4.28zM12.1 18.55l-.1.1-.1-.1C7.14 14.24 4 11.39 4 8.5 4 6.5 5.5 5 7.5 5c1.54 0 3.04.99 3.57 2.36h1.87C13.46 5.99 14.96 5 16.5 5c2 0 3.5 1.5 3.5 3.5 0 2.89-3.14 5.74-7.9 10.05z"
            />
          </svg>
        </span>
        <span
          className="MuiTouchRipple-root"
        />
      </button>
      <span>
        0 likes
      </span>
    </div>
  </div>
</div>
`;
